// Jest Snapshot v1, https://goo.gl/fbAQLP

exports[`Equal Component renders correctly 1`] = `
<div
  className="calc-row-six equal-container"
>
  <button
    className="equal orange"
    onClick={[Function]}
    value="="
  >
    =
  </button>
</div>
`;
