// Jest Snapshot v1, https://goo.gl/fbAQLP

exports[`renders Navbar Component correctly 1`] = `
<nav
  className="navBar"
>
  <h1
    className="math-magicians-header"
  >
    Math Magicians
  </h1>
  <ul
    className="navbar"
  >
    <li>
      <a
        aria-current={null}
        href="/home"
        onClick={[Function]}
      >
        Home
      </a>
    </li>
    <li>
      <a
        aria-current={null}
        href="/calculator"
        onClick={[Function]}
      >
        Calculator
      </a>
    </li>
    <li>
      <a
        aria-current={null}
        href="/quote"
        onClick={[Function]}
      >
        Quote
      </a>
    </li>
  </ul>
</nav>
`;
